LOCK d93276a491dd366c08ea0464d8de23bca80d82082a0c7be66ea2d555fd366b4a ok (checks/LOCK = contract.json lock)
{"seconds":3526.7,"samples":4645,"pixelSamples":2081,"summary":{"C01":0,"C02":0,"C03":0,"C04":0,"C05":0,"C06":0,"C07":0,"C15":22231,"C10":0,"C12":[{"scene":"S20","start":462.9,"durationS":1.3,"maxW":0.465,"maxH":0.704}],"S08":89,"S09":"","S17":34,"V02":"","V03":4030,"V08":329,"V11":2311,"C14":0,"V12":3,"V04":""}}
[vost#0:0/rawvideo @ 0x562bfff2d540] Error submitting a packet to the muxer: Connection reset by peer
[out#0/rawvideo @ 0x562bffee8100] Error muxing a packet
[vost#0:0/rawvideo @ 0x5600c3476580] Error submitting a packet to the muxer: Connection reset by peer
[out#0/rawvideo @ 0x5600c3431140] Error muxing a packet
[vost#0:0/rawvideo @ 0x55b8c7f2f580] Error submitting a packet to the muxer: Connection reset by peer
[out#0/rawvideo @ 0x55b8c7eea140] Error muxing a packet
[vost#0:0/rawvideo @ 0x5565a1e8c540] Error submitting a packet to the muxer: Connection reset by peer
[out#0/rawvideo @ 0x5565a1e47100] Error muxing a packet
[vost#0:0/rawvideo @ 0x55d3ef794580] Error submitting a packet to the muxer: Connection reset by peer
[out#0/rawvideo @ 0x55d3ef74f140] Error muxing a packet
[vost#0:0/rawvideo @ 0x5604e12c2580] Error submitting a packet to the muxer: Connection reset by peer
[out#0/rawvideo @ 0x5604e127d140] Error muxing a packet
[vost#0:0/rawvideo @ 0x560f42522580] Error submitting a packet to the muxer: Connection reset by peer
[out#0/rawvideo @ 0x560f424dd140] Error muxing a packet
[vost#0:0/rawvideo @ 0x55d605832580] Error submitting a packet to the muxer: Connection reset by peer
[out#0/rawvideo @ 0x55d6057ed140] Error muxing a packet
[vost#0:0/rawvideo @ 0x55d9a221f580] Error submitting a packet to the muxer: Connection reset by peer
[out#0/rawvideo @ 0x55d9a21da140] Error muxing a packet
[vost#0:0/rawvideo @ 0x55cb67d6c580] Error submitting a packet to the muxer: Connection reset by peer
[out#0/rawvideo @ 0x55cb67d27140] Error muxing a packet
[vost#0:0/rawvideo @ 0x55aea2ec5580] Error submitting a packet to the muxer: Connection reset by peer
[out#0/rawvideo @ 0x55aea2e80140] Error muxing a packet
[vost#0:0/rawvideo @ 0x5651ebc7a580] Error submitting a packet to the muxer: Connection reset by peer
[out#0/rawvideo @ 0x5651ebc35140] Error muxing a packet
[vost#0:0/rawvideo @ 0x555d0f487580] Error submitting a packet to the muxer: Connection reset by peer
[out#0/rawvideo @ 0x555d0f442140] Error muxing a packet
[vost#0:0/rawvideo @ 0x562790104580] Error submitting a packet to the muxer: Connection reset by peer
[out#0/rawvideo @ 0x5627900bf140] Error muxing a packet
[vost#0:0/rawvideo @ 0x55926c1aa580] Error submitting a packet to the muxer: Connection reset by peer
[out#0/rawvideo @ 0x55926c165140] Error muxing a packet
[vost#0:0/rawvideo @ 0x559e24852580] Error submitting a packet to the muxer: Connection reset by peer
[out#0/rawvideo @ 0x559e2480d140] Error muxing a packet
[vost#0:0/rawvideo @ 0x561da1cc7580] Error submitting a packet to the muxer: Connection reset by peer
[out#0/rawvideo @ 0x561da1c82140] Error muxing a packet
[vost#0:0/rawvideo @ 0x561285839580] Error submitting a packet to the muxer: Connection reset by peer
[out#0/rawvideo @ 0x5612857f4140] Error muxing a packet
[out#0/rawvideo @ 0x560f424dd140] Error writing trailer: Connection reset by peer
[out#0/rawvideo @ 0x560f424dd140] Error closing file: Connection reset by peer
[vost#0:0/rawvideo @ 0x563658c0b580] Error submitting a packet to the muxer: Connection reset by peer
[out#0/rawvideo @ 0x563658bc6140] Error muxing a packet
[out#0/rawvideo @ 0x55cb67d27140] Error writing trailer: Connection reset by peer
[out#0/rawvideo @ 0x55cb67d27140] Error closing file: Connection reset by peer
[vost#0:0/rawvideo @ 0x561be7277580] Error submitting a packet to the muxer: Connection reset by peer
[out#0/rawvideo @ 0x561be7232140] Error muxing a packet
[vost#0:0/rawvideo @ 0x55ff48b1e580] Error submitting a packet to the muxer: Connection reset by peer
[out#0/rawvideo @ 0x55ff48ad9140] Error muxing a packet
[vost#0:0/rawvideo @ 0x562667642580] Error submitting a packet to the muxer: Connection reset by peer
[vost#0:0/rawvideo @ 0x55a29af3f580] [out#0/rawvideo @ 0x5626675fd140] Error submitting a packet to the muxer: Connection reset by peer
Error muxing a packet
[out#0/rawvideo @ 0x55a29aefa140] Error muxing a packet
[vost#0:0/rawvideo @ 0x55aeba9c9580] Error submitting a packet to the muxer: Connection reset by peer
[out#0/rawvideo @ 0x55aeba984140] Error muxing a packet
[vost#0:0/rawvideo @ 0x55832b515580] Error submitting a packet to the muxer: Connection reset by peer
[out#0/rawvideo @ 0x55832b4d0140] Error muxing a packet
[vost#0:0/rawvideo @ 0x557677ad4580] Error submitting a packet to the muxer: Connection reset by peer
[out#0/rawvideo @ 0x557677a8f140] Error muxing a packet
[out#0/rawvideo @ 0x55ff48ad9140] Error writing trailer: Connection reset by peer
[out#0/rawvideo @ 0x55ff48ad9140] Error closing file: Connection reset by peer
[vost#0:0/rawvideo @ 0x559b14c7c580] Error submitting a packet to the muxer: Connection reset by peer
[out#0/rawvideo @ 0x559b14c37140] Error muxing a packet
[vost#0:0/rawvideo @ 0x563c344dd580] Error submitting a packet to the muxer: Connection reset by peer
[out#0/rawvideo @ 0x563c34498140] Error muxing a packet
[vost#0:0/rawvideo @ 0x563541b1e580] Error submitting a packet to the muxer: Connection reset by peer
[out#0/rawvideo @ 0x563541ad9140] Error muxing a packet
[vost#0:0/rawvideo @ 0x55f4cf972580] Error submitting a packet to the muxer: Connection reset by peer
[out#0/rawvideo @ 0x55f4cf92d140] Error muxing a packet
[vost#0:0/rawvideo @ 0x556d2676e580] Error submitting a packet to the muxer: Connection reset by peer
[out#0/rawvideo @ 0x556d26729140] Error muxing a packet
[vost#0:0/rawvideo @ 0x5632445be580] Error submitting a packet to the muxer: Connection reset by peer
[out#0/rawvideo @ 0x563244579140] Error muxing a packet
[out#0/rawvideo @ 0x563244579140] Error writing trailer: Connection reset by peer
[out#0/rawvideo @ 0x563244579140] Error closing file: Connection reset by peer
[vost#0:0/rawvideo @ 0x557783f51580] Error submitting a packet to the muxer: Connection reset by peer
[out#0/rawvideo @ 0x557783f0c140] Error muxing a packet
[out#0/rawvideo @ 0x55d9a21da140] Error writing trailer: Connection reset by peer
[out#0/rawvideo @ 0x55d9a21da140] Error closing file: Connection reset by peer
[vost#0:0/rawvideo @ 0x5605bc820580] Error submitting a packet to the muxer: Connection reset by peer
[out#0/rawvideo @ 0x5605bc7db140] Error muxing a packet
[vost#0:0/rawvideo @ 0x56503f00f580] Error submitting a packet to the muxer: Connection reset by peer
[out#0/rawvideo @ 0x56503efca140] Error muxing a packet
[vost#0:0/rawvideo @ 0x55c2c4b4f580] Error submitting a packet to the muxer: Connection reset by peer
[out#0/rawvideo @ 0x55c2c4b0a140] Error muxing a packet
[vost#0:0/rawvideo @ 0x55e31d8ad580] Error submitting a packet to the muxer: Connection reset by peer
[out#0/rawvideo @ 0x55e31d868140] Error muxing a packet
[vost#0:0/rawvideo @ 0x564ea0746580] Error submitting a packet to the muxer: Connection reset by peer
[out#0/rawvideo @ 0x564ea0701140] Error muxing a packet
[out#0/rawvideo @ 0x559e2480d140] Error writing trailer: Connection reset by peer
[out#0/rawvideo @ 0x559e2480d140] Error closing file: Connection reset by peer
[out#0/rawvideo @ 0x56503efca140] Error writing trailer: Connection reset by peer
[out#0/rawvideo @ 0x56503efca140] Error closing file: Connection reset by peer
[out#0/rawvideo @ 0x55d6057ed140] Error writing trailer: Connection reset by peer
[out#0/rawvideo @ 0x55d6057ed140] Error closing file: Connection reset by peer
[out#0/rawvideo @ 0x55832b4d0140] Error writing trailer: Connection reset by peer
[out#0/rawvideo @ 0x55832b4d0140] Error closing file: Connection reset by peer
[out#0/rawvideo @ 0x562bffee8100] Error writing trailer: Connection reset by peer
[out#0/rawvideo @ 0x562bffee8100] Error closing file: Connection reset by peer
[out#0/rawvideo @ 0x5600c3431140] Error writing trailer: Connection reset by peer
[out#0/rawvideo @ 0x5600c3431140] Error closing file: Connection reset by peer
[out#0/rawvideo @ 0x55f4cf92d140] Error writing trailer: Connection reset by peer
[out#0/rawvideo @ 0x55f4cf92d140] Error closing file: Connection reset by peer
[vost#0:0/rawvideo @ 0x564427b4e580] Error submitting a packet to the muxer: Connection reset by peer
[out#0/rawvideo @ 0x564427b09140] Error muxing a packet
[out#0/rawvideo @ 0x561da1c82140] Error writing trailer: Connection reset by peer
[out#0/rawvideo @ 0x561da1c82140] Error closing file: Connection reset by peer
[vost#0:0/rawvideo @ 0x55bd9c7c3580] Error submitting a packet to the muxer: Connection reset by peer
[out#0/rawvideo @ 0x55bd9c77e140] Error muxing a packet
[out#0/rawvideo @ 0x55d3ef74f140] Error writing trailer: Connection reset by peer
[out#0/rawvideo @ 0x55d3ef74f140] Error closing file: Connection reset by peer
[out#0/rawvideo @ 0x55926c165140] Error writing trailer: Connection reset by peer
[out#0/rawvideo @ 0x55926c165140] Error closing file: Connection reset by peer
[out#0/rawvideo @ 0x564427b09140] Error writing trailer: Connection reset by peer
[out#0/rawvideo @ 0x564427b09140] Error closing file: Connection reset by peer
[out#0/rawvideo @ 0x55bd9c77e140] Error writing trailer: Connection reset by peer
[out#0/rawvideo @ 0x55bd9c77e140] Error closing file: Connection reset by peer
[out#0/rawvideo @ 0x5627900bf140] Error writing trailer: Connection reset by peer
[out#0/rawvideo @ 0x5627900bf140] Error closing file: Connection reset by peer
[out#0/rawvideo @ 0x55aea2e80140] Error writing trailer: Connection reset by peer
[out#0/rawvideo @ 0x55aea2e80140] Error closing file: Connection reset by peer
[out#0/rawvideo @ 0x5626675fd140] Error writing trailer: Connection reset by peer
[out#0/rawvideo @ 0x5626675fd140] Error closing file: Connection reset by peer
[out#0/rawvideo @ 0x563658bc6140] Error writing trailer: Connection reset by peer
[out#0/rawvideo @ 0x563658bc6140] Error closing file: Connection reset by peer
[out#0/rawvideo @ 0x563c34498140] Error writing trailer: Connection reset by peer
[out#0/rawvideo @ 0x563c34498140] Error closing file: Connection reset by peer
[out#0/rawvideo @ 0x55c2c4b0a140] Error writing trailer: Connection reset by peer
[out#0/rawvideo @ 0x55c2c4b0a140] Error closing file: Connection reset by peer
[out#0/rawvideo @ 0x5605bc7db140] Error writing trailer: Connection reset by peer
[out#0/rawvideo @ 0x5605bc7db140] Error closing file: Connection reset by peer
[out#0/rawvideo @ 0x559b14c37140] Error writing trailer: Connection reset by peer
[out#0/rawvideo @ 0x563541ad9140] Error writing trailer: Connection reset by peer
[out#0/rawvideo @ 0x559b14c37140] Error closing file: Connection reset by peer
[out#0/rawvideo @ 0x563541ad9140] Error closing file: Connection reset by peer
[out#0/rawvideo @ 0x557783f0c140] Error writing trailer: Connection reset by peer
[out#0/rawvideo @ 0x557783f0c140] Error closing file: Connection reset by peer
[out#0/rawvideo @ 0x555d0f442140] Error writing trailer: Connection reset by peer
[out#0/rawvideo @ 0x555d0f442140] Error closing file: Connection reset by peer
[out#0/rawvideo @ 0x55aeba984140] Error writing trailer: Connection reset by peer
[out#0/rawvideo @ 0x55aeba984140] Error closing file: Connection reset by peer
[out#0/rawvideo @ 0x5604e127d140] Error writing trailer: Connection reset by peer
[out#0/rawvideo @ 0x5604e127d140] Error closing file: Connection reset by peer
[out#0/rawvideo @ 0x5565a1e47100] Error writing trailer: Connection reset by peer
[out#0/rawvideo @ 0x5565a1e47100] Error closing file: Connection reset by peer
[out#0/rawvideo @ 0x557677a8f140] Error writing trailer: Connection reset by peer
[out#0/rawvideo @ 0x557677a8f140] Error closing file: Connection reset by peer
[out#0/rawvideo @ 0x5612857f4140] Error writing trailer: Connection reset by peer
[out#0/rawvideo @ 0x5612857f4140] Error closing file: Connection reset by peer
[out#0/rawvideo @ 0x55b8c7eea140] Error writing trailer: Connection reset by peer
[out#0/rawvideo @ 0x55b8c7eea140] Error closing file: Connection reset by peer
[out#0/rawvideo @ 0x5651ebc35140] Error writing trailer: Connection reset by peer
[out#0/rawvideo @ 0x5651ebc35140] Error closing file: Connection reset by peer
[out#0/rawvideo @ 0x55e31d868140] Error writing trailer: Connection reset by peer
[out#0/rawvideo @ 0x55e31d868140] Error closing file: Connection reset by peer
[out#0/rawvideo @ 0x55a29aefa140] Error writing trailer: Connection reset by peer
[out#0/rawvideo @ 0x55a29aefa140] Error closing file: Connection reset by peer
[out#0/rawvideo @ 0x556d26729140] Error writing trailer: Connection reset by peer
[out#0/rawvideo @ 0x556d26729140] Error closing file: Connection reset by peer
[out#0/rawvideo @ 0x564ea0701140] Error writing trailer: Connection reset by peer
[out#0/rawvideo @ 0x564ea0701140] Error closing file: Connection reset by peer
[out#0/rawvideo @ 0x561be7232140] Error writing trailer: Connection reset by peer
[out#0/rawvideo @ 0x561be7232140] Error closing file: Connection reset by peer
F01  PASS       0.1s  
F02  PASS       0.8s  
F03  PASS       0.0s  
F04  PASS       0.0s  
F05  PASS      28.9s  
F06  PASS       0.4s  
F07  FAIL       0.0s  duration s=464.466667
F08  PASS      38.1s  
F09  PASS       0.0s  
F10  PASS       0.0s  
F11  PASS       0.0s  
F12  FAIL      13.9s  sounding stems without a rights entry=1
A01  PASS       5.2s  
A02  PASS       0.0s  
A03  FAIL       0.0s  LRA LU=3.6
A04  PASS       2.9s  
A05  PASS       0.2s  
A06  PASS       9.3s  
A07  PASS       0.9s  
A08  PASS       2.5s  
A09  FAIL       8.2s  silences 0.8-1.5 s=1
A10  FAIL       1.1s  Spearman speed~whoosh=0.023423; fast moves without whoosh=26
A11  FAIL       0.0s  Pearson pan~x=None
A12  FAIL      11.4s  accents=0; accents on a cut (%)=None; accents confirmed by onset (%)=None
A13  FAIL      22.2s  max |stretch-1|=80.274165
A14  PASS     236.0s  
A15  FAIL       0.0s  wpm act cold-open=170.604726; wpm act act1=181.127983; wpm act act2=167.099604; wpm act act3=176.020485; wpm act method=203.007519; wpm act outro=202.290076; sentences > 175 wpm=45
A16  FAIL       0.0s  fake break marks=8; sentences with a fake break=8
A17  FAIL       5.0s  abnormal sentences share=0.228571; abnormal gaps share=0.34
A18  PASS       0.0s  
S01  PASS       0.1s  
S02  PASS       0.0s  
S03  PASS       0.0s  
S04  PASS       0.0s  
S05  PASS       0.0s  
S06  PASS       0.0s  
S07  FAIL       0.0s  orphan numbers on screen=102; unregistered numbers in narration=24
S08  FAIL       0.0s  frames without badge=89; max badge lag frames=999
S09  FAIL       0.0s  frames missing basis on screen=580; bases never said in narration=1
S10  FAIL       0.0s  advice sentences=2
S11  FAIL       0.0s  sched80_months_latest scenes=2; sched80_months_latest callbacks w/ distinct meaning=0; shareA_ltv24_le75 scenes=1; shareA_ltv24_le75 acts=1; shareA_ltv24_le75 callbacks w/ distinct meaning=0; medianB_
S12  FAIL       0.0s  max new numbers in a scene=8
S13  PASS       0.0s  
S14  FAIL       7.5s  breaks off an act boundary=1; breaks without ≥1 s silence=1
S15  FAIL       0.0s  outro s=19.9333
S16  FAIL       0.0s  share tied to a character or scenario=0.25
S17  FAIL       0.0s  frames without the condition label=34
S18  PASS       0.0s  
SH01 MISSING    0.0s    artifact missing: out/shorts/SH1.mp4
SH02 MISSING    0.0s    artifact missing: out/shorts/SH1.mp4
SH03 MISSING    0.0s    artifact missing: out/shorts/SH1.mp4
SH04 MISSING    0.0s    artifact missing: out/shorts/SH1.mp4
SH05 MISSING    0.0s    artifact missing: out/shorts/SH1.mp4
R01  FAIL       3.2s  r cut rate=0.016475; r audio density=0.218416; acts with climax peak=0; peaks without valley=2
R02  PASS       0.0s  
R03  FAIL       0.7s  shortest pause s=0.0; pauses < 1.0 s=3
R04  FAIL       0.0s  cuts on beat/action (%)=0.0
R05  FAIL       0.0s  shots > 12 s=17; act-2 scenes before climax=0
R06  FAIL      17.6s  cuts visible in picture (%)=0.0
V01  FAIL       0.0s  scenes without a shot=1; storyboard present=False; colour script present=False
V02  FAIL       0.0s  level-1 samples=0; level-1 placed (%)=None
V03  FAIL       0.0s  text outside safe area=4030
V04  PASS       0.0s  
V05  FAIL      26.4s  worst ease ratio=0.46; anticipation in moves ≥1 s (%)=7.142857; overshoot in moves ≥1 s (%)=28.571429; overshoot > 8%=2; peak |a| fw/s²=67.01
V08  FAIL       0.0s  worst text contrast=3.35; samples below 4.5:1=329
V09  FAIL       0.0s  owen/grace ΔE2000 protanopia=12.715512; owen/grace ΔE2000 deuteranopia=18.658556; owen/grace grey contrast=1.053016; owen/victor ΔE2000 deuteranopia=19.001042; owen/victor grey contrast=1.279234; grac
V10  FAIL      16.8s  verified match cuts=2; verified J/L cuts=0
V11  FAIL       0.0s  text collisions=2311
V12  FAIL       0.0s  text samples below NCC 0.97=3
V13  PASS       0.0s  
C01  PASS       0.0s  
C02  PASS       0.0s  
C03  PASS       0.0s  
C04  PASS       0.0s  
C05  PASS       0.0s  
C06  PASS       0.0s  
C07  PASS       0.0s  
C10  PASS       0.0s  
C11  FAIL       0.0s  layout repeats >2 in 90 s=19
C12  FAIL       0.0s  split-view runs=1
C13  FAIL       0.0s  worst |offset| ms=20553; pairs > 250 ms=13
C14  PASS       0.0s  
C15  FAIL       0.0s  frames flagged=22231
P01  FAIL       2.5s  thumb 1 min contrast at 10%=2.269213; thumb 2 min contrast at 10%=2.269213; thumb 3 min contrast at 10%=2.23444; thumb texts below 90 px=16
T1   PASS      36.8s  
T2   FAIL       2.3s  repeated phrases (%)=9.259259
T3   PASS      14.2s  
L1   PASS     474.4s  
REG  FAIL     regressions of BLOCK rules=1
near F07 (CHÍNH) duration s = 464.466667 (threshold in [480.0, 900.0])
near A15 (THAM KHẢO) wpm act act2 = 167.099604 (threshold in [150.0, 160.0])
near A18 (CHÍNH) distinct voices (provider, voiceId, model) = 1 (threshold <= 1)
near S04 (CHẶN) mortgage30 tolerance = 0.5 (threshold <= 0.5)
near S04 (CHẶN) hpi_mom tolerance = 0.5 (threshold <= 0.5)
near S06 (CHẶN) case values shown in act2 = 307 (threshold >= 307)
near S06 (CHẶN) case values shown in act3 = 3 (threshold >= 3)
near S11 (THAM KHẢO) sched80_months_latest acts = 2 (threshold >= 2)
near S11 (THAM KHẢO) medianB_months_to80 scenes = 3 (threshold >= 3)
near S11 (THAM KHẢO) medianB_months_to80 acts = 2 (threshold >= 2)
near S11 (THAM KHẢO) maxB_months_to80 acts = 2 (threshold >= 2)
near S15 (THAM KHẢO) ident s = 3.0 (threshold <= 3.0)
near S15 (THAM KHẢO) outro s = 19.9333 (threshold >= 20.0)
near V05 (THAM KHẢO) overshoot in moves ≥1 s (%) = 28.571429 (threshold >= 30.0)
near V09 (CHÍNH) declared characters seen on screen = 3 (threshold >= 3)
near V09 (CHÍNH) owen/victor ΔE2000 deuteranopia = 19.001042 (threshold >= 20.0)
near P01 (THAM KHẢO) thumb 1 token share (%) = 100.0 (threshold >= 97.0)
near P01 (THAM KHẢO) thumb 2 token share (%) = 100.0 (threshold >= 97.0)
near P01 (THAM KHẢO) thumb 3 token share (%) = 100.0 (threshold >= 97.0)
near T2 (THAM KHẢO) longest run of repeated phrases = 1 (threshold <= 1)
near T3 (THAM KHẢO) silences measured = 1 (threshold >= 1)
near L1 (CHÍNH) voice/data 1–4 kHz ratio, 10th percentile (dB) = 20.348241 (threshold >= 20.0)
{"PASS": 42, "FAIL": 42, "MISSING": 5, "ERROR": 0} episode: TRƯỢT
EXIT 0
