F01  PASS       0.1s  
F02  PASS       0.7s  
F03  PASS       0.0s  
F04  PASS       0.0s  
F05  PASS      24.9s  
F06  PASS       0.5s  
F07  FAIL       0.0s  duration s=464.466667
F08  PASS      37.7s  
F09  PASS       0.0s  
F10  PASS       0.0s  
F11  PASS       0.0s  
F12  PASS      13.3s  
A01  PASS       5.4s  
A02  PASS       0.0s  
A03  FAIL       0.0s  LRA LU=3.6
A04  PASS       3.5s  
A05  PASS       0.2s  
A06  PASS      10.0s  
A07  PASS       1.2s  
A08  PASS       3.0s  
A09  FAIL       8.4s  silences 0.8-1.5 s=1
A10  FAIL       1.1s  Spearman speed~whoosh=0.023423; fast moves without whoosh=26
A11  FAIL       0.0s  Pearson pan~x=None
A12  FAIL      17.8s  accents=0; accents on a cut (%)=None; accents confirmed by onset (%)=None
A13  FAIL      27.6s  max |stretch-1|=80.274165
A14  PASS       3.3s  
A15  FAIL       0.0s  wpm act cold-open=170.604726; wpm act act1=181.127983; wpm act act2=167.099604; wpm act act3=176.020485; wpm act method=203.007519; wpm act outro=202.290076; sentences > 175 wpm=45
A16  FAIL       0.0s  fake break marks=8; sentences with a fake break=8
A17  FAIL       3.8s  abnormal sentences share=0.228571; abnormal gaps share=0.34
A18  PASS       0.0s  
S01  PASS       0.0s  
S02  PASS       0.0s  
S03  PASS       0.0s  
S04  PASS       0.0s  
S05  PASS       0.1s  
S06  PASS       0.0s  
S07  FAIL       0.0s  orphan numbers on screen=102; unregistered numbers in narration=24
S08  FAIL       0.0s  frames without badge=89; max badge lag frames=999
S09  FAIL       0.0s  frames missing basis on screen=580; bases never said in narration=1
S10  FAIL       0.0s  advice sentences=2
S11  FAIL       0.0s  sched80_months_latest scenes=2; sched80_months_latest callbacks w/ distinct meaning=0; shareA_ltv24_le75 scenes=1; shareA_ltv24_le75 acts=1; shareA_ltv24_le75 callbacks w/ distinct meaning=0; medianB_
S12  FAIL       0.0s  max new numbers in a scene=8
S13  PASS       0.0s  
S14  FAIL       6.4s  breaks off an act boundary=1; breaks without ≥1 s silence=1
S15  FAIL       0.0s  outro s=19.9333
S16  FAIL       0.0s  share tied to a character or scenario=0.25
S17  FAIL       0.0s  frames without the condition label=34
S18  PASS       0.0s  
SH01 PASS       0.3s  
SH02 PASS       0.3s  
SH03 PASS       1.7s  
SH04 PASS       0.0s  
SH05 PASS      33.0s  
R01  FAIL       6.6s  r cut rate=0.016475; r audio density=0.218416; acts with climax peak=0; peaks without valley=2
R02  PASS       0.0s  
R03  FAIL       2.7s  shortest pause s=0.0; pauses < 1.0 s=3
R04  FAIL       0.0s  cuts on beat/action (%)=0.0
R05  FAIL       0.0s  shots > 12 s=17; act-2 scenes before climax=0
R06  FAIL      18.1s  cuts visible in picture (%)=0.0
V01  FAIL       0.0s  scenes without a shot=1; storyboard present=False; colour script present=False
V02  FAIL       0.0s  level-1 samples=0; level-1 placed (%)=None
V03  FAIL       0.0s  text outside safe area=4030
V04  PASS       0.0s  
V05  FAIL      25.4s  worst ease ratio=0.46; anticipation in moves ≥1 s (%)=7.142857; overshoot in moves ≥1 s (%)=28.571429; overshoot > 8%=2; peak |a| fw/s²=67.01
V08  FAIL       0.0s  worst text contrast=3.35; samples below 4.5:1=329
V09  FAIL       0.0s  owen/grace ΔE2000 protanopia=12.715512; owen/grace ΔE2000 deuteranopia=18.658556; owen/grace grey contrast=1.053016; owen/victor ΔE2000 deuteranopia=19.001042; owen/victor grey contrast=1.279234; grac
V10  FAIL      17.8s  verified match cuts=2; verified J/L cuts=0
V11  FAIL       0.0s  text collisions=2311
V12  FAIL       0.0s  text samples below NCC 0.97=3
V13  PASS       0.0s  
C01  PASS       0.0s  
C02  PASS       0.0s  
C03  PASS       0.0s  
C04  PASS       0.0s  
C05  PASS       0.0s  
C06  PASS       0.0s  
C07  PASS       0.0s  
C10  PASS       0.0s  
C11  FAIL       0.0s  layout repeats >2 in 90 s=19
C12  FAIL       0.0s  split-view runs=1
C13  FAIL       0.0s  worst |offset| ms=20553; pairs > 250 ms=13
C14  PASS       0.0s  
C15  FAIL       0.0s  frames flagged=22231
P01  FAIL       2.8s  thumb 1 min contrast at 10%=2.269213; thumb 2 min contrast at 10%=2.269213; thumb 3 min contrast at 10%=2.23444; thumb texts below 90 px=16
T1   PASS      37.7s  
T2   FAIL       2.6s  repeated phrases (%)=9.259259
T3   PASS      16.2s  
L1   PASS      20.0s  
REG  FAIL     regressions of BLOCK rules=1
near F07 (CHÍNH) duration s = 464.466667 (threshold in [480.0, 900.0])
near A15 (THAM KHẢO) wpm act act2 = 167.099604 (threshold in [150.0, 160.0])
near A18 (CHÍNH) distinct voices (provider, voiceId, model) = 1 (threshold <= 1)
near S04 (CHẶN) mortgage30 tolerance = 0.5 (threshold <= 0.5)
near S04 (CHẶN) hpi_mom tolerance = 0.5 (threshold <= 0.5)
near S06 (CHẶN) case values shown in act2 = 307 (threshold >= 307)
near S06 (CHẶN) case values shown in act3 = 3 (threshold >= 3)
near S11 (THAM KHẢO) sched80_months_latest acts = 2 (threshold >= 2)
near S11 (THAM KHẢO) medianB_months_to80 scenes = 3 (threshold >= 3)
near S11 (THAM KHẢO) medianB_months_to80 acts = 2 (threshold >= 2)
near S11 (THAM KHẢO) maxB_months_to80 acts = 2 (threshold >= 2)
near S15 (THAM KHẢO) ident s = 3.0 (threshold <= 3.0)
near S15 (THAM KHẢO) outro s = 19.9333 (threshold >= 20.0)
near V05 (THAM KHẢO) overshoot in moves ≥1 s (%) = 28.571429 (threshold >= 30.0)
near V09 (CHÍNH) declared characters seen on screen = 3 (threshold >= 3)
near V09 (CHÍNH) owen/victor ΔE2000 deuteranopia = 19.001042 (threshold >= 20.0)
near P01 (THAM KHẢO) thumb 1 token share (%) = 100.0 (threshold >= 97.0)
near P01 (THAM KHẢO) thumb 2 token share (%) = 100.0 (threshold >= 97.0)
near P01 (THAM KHẢO) thumb 3 token share (%) = 100.0 (threshold >= 97.0)
near T2 (THAM KHẢO) longest run of repeated phrases = 1 (threshold <= 1)
near T3 (THAM KHẢO) silences measured = 1 (threshold >= 1)
near L1 (CHÍNH) voice/data 1–4 kHz ratio, 10th percentile (dB) = 20.348241 (threshold >= 20.0)
{"PASS": 48, "FAIL": 41, "MISSING": 0, "ERROR": 0} episode: TRƯỢT
