S01 [(1, 156, 0)]
S02 [(1, 242, 0)]
HTTP 502 upstream request failed
HTTP 502 upstream request failed
S03 [(1, 352, 1), (2, 352, 0)]
S04 [(1, 226, 0)]
S05 [(1, 187, 0)]
S06 [(1, 232, 0)]
S07 [(1, 302, 0)]
S08 [(1, 366, 0)]
S09 [(1, 354, 0)]
S10 [(1, 380, 0)]
S11 [(1, 342, 0)]
S12 [(1, 228, 0)]
S13 [(1, 46, 0)]
[aist#0:0/mp3 @ 0x5599401ddc80] Error submitting packet to decoder: Invalid data found when processing input
    Last message repeated 233 times
chars total 3765
Traceback (most recent call last):
  File "/home/user/crux-lab/episodes/ep002/story/table_read.py", line 107, in <module>
    main()
  File "/home/user/crux-lab/episodes/ep002/story/table_read.py", line 89, in main
    e['takes'].append({'file': os.path.basename(p) + '.mp3', 'seed': seed, 'characterCost': m['characterCost'], 'len': m['len'],
                                                                                            ^
NameError: name 'm' is not defined. Did you mean: '_m'?
