{
 "el_chars_spent": 0,
 "clip_s": 47.2,
 "M": {
  "M1 hook ends ≤ 5.0": {
   "value": 3.6,
   "pass": true
  },
  "M2 promise ends ≤ 30": {
   "value": 27.48,
   "pass": true
  },
  "M3 question ≤ 30": {
   "value": 13.92,
   "pass": true
  },
  "M4 longest constraint/define block 0–60 s ≤ 10": {
   "value": 6.06,
   "pass": true
  },
  "M5 character/stake returns ≤ 45": {
   "value": 33.34,
   "pass": true
  },
  "M6 character promise paid ≤ 90": {
   "value": 0.0,
   "pass": true
  }
 }
}
  0.00–  3.60 S01.1 hook
  4.20– 13.92 S01.2 question
 14.92– 17.56 S02.1 hook
 17.80– 27.48 S02.2 promise
 28.48– 33.04 S03.1 define
 33.34– 40.96 S03.2 hook
 41.14– 44.48 S03.3 constraint
 44.61– 47.20 S03.4 constraint
 51.20– 60.16 S04.1 hook
 60.32– 66.16 S04.2 constraint
 66.35– 69.36 S04.3 constraint
 69.44– 76.56 S04.4 
ASR: Ruth's check rises every year and it buys less than her first one. At 65, she chose the smaller annuity check that rises 2% a year and asked one thing. Would 2% keep up with prices? Her 20th year of checks ended this August. We tested that raise against every 20-year stretch of U.S. prices since 1947 to see how often it kept its buying power and how much it usually kept. Here, keeping up means a check still buys at least what its own first check bought. Ruth is an illustrative retiree built on real U.S. prices. And today, her check falls short of that. This is U.S. only and it's history, not a forecast. It doesn't say which check to choose.
