LOCK d93276a491dd366c08ea0464d8de23bca80d82082a0c7be66ea2d555fd366b4a ok (checks/LOCK = contract.json lock)
{"seconds":2929.5,"samples":4657,"pixelSamples":2079,"summary":{"C01":0,"C02":0,"C03":0,"C04":0,"C05":0,"C06":1157,"C07":0,"C15":25028,"C10":0,"C12":[{"scene":"S20","start":464.1,"durationS":1.3,"maxW":0.465,"maxH":0.689}],"S08":0,"S09":"","S17":0,"V02":"","V03":0,"V08":0,"V11":2612,"C14":0,"V12":0,"V04":""}}
[vost#0:0/rawvideo @ 0x561efbb4e6c0] Error submitting a packet to the muxer: Connection reset by peer
[out#0/rawvideo @ 0x561efbb09100] Error muxing a packet
[vost#0:0/rawvideo @ 0x561347cdc700] Error submitting a packet to the muxer: Connection reset by peer
[out#0/rawvideo @ 0x561347c97140] Error muxing a packet
[vost#0:0/rawvideo @ 0x5640bdff66c0] Error submitting a packet to the muxer: Connection reset by peer
[out#0/rawvideo @ 0x5640bdfb1100] Error muxing a packet
[vost#0:0/rawvideo @ 0x55cb4c5d7700] Error submitting a packet to the muxer: Connection reset by peer
[out#0/rawvideo @ 0x55cb4c592140] Error muxing a packet
[out#0/rawvideo @ 0x55cb4c592140] Error writing trailer: Connection reset by peer
[out#0/rawvideo @ 0x55cb4c592140] Error closing file: Connection reset by peer
[vost#0:0/rawvideo @ 0x55f6daf98700] Error submitting a packet to the muxer: Connection reset by peer
[out#0/rawvideo @ 0x55f6daf53140] Error muxing a packet
[vost#0:0/rawvideo @ 0x560fc457b700] Error submitting a packet to the muxer: Connection reset by peer
[out#0/rawvideo @ 0x560fc4536140] Error muxing a packet
[vost#0:0/rawvideo @ 0x56380c980700] Error submitting a packet to the muxer: Connection reset by peer
[out#0/rawvideo @ 0x56380c93b140] Error muxing a packet
[vost#0:0/rawvideo @ 0x558db5043700] Error submitting a packet to the muxer: Connection reset by peer
[out#0/rawvideo @ 0x558db4ffe140] Error muxing a packet
[out#0/rawvideo @ 0x561efbb09100] Error writing trailer: Connection reset by peer
[out#0/rawvideo @ 0x561efbb09100] Error closing file: Connection reset by peer
[vost#0:0/rawvideo @ 0x563d41204700] Error submitting a packet to the muxer: Connection reset by peer
[out#0/rawvideo @ 0x563d411bf140] Error muxing a packet
[vost#0:0/rawvideo @ 0x563a5699a700] [vost#0:0/rawvideo @ 0x56065d59c700] Error submitting a packet to the muxer: Connection reset by peer
Error submitting a packet to the muxer: Connection reset by peer
[out#0/rawvideo @ 0x563a56955140] [out#0/rawvideo @ 0x56065d557140] Error muxing a packet
Error muxing a packet
[vost#0:0/rawvideo @ 0x55b05a13c700] Error submitting a packet to the muxer: Connection reset by peer
[out#0/rawvideo @ 0x55b05a0f7140] Error muxing a packet
[vost#0:0/rawvideo @ 0x55f406c9c700] Error submitting a packet to the muxer: Connection reset by peer
[out#0/rawvideo @ 0x55f406c57140] Error muxing a packet
[vost#0:0/rawvideo @ 0x5637829d8700] Error submitting a packet to the muxer: Connection reset by peer
[out#0/rawvideo @ 0x563782993140] Error muxing a packet
[out#0/rawvideo @ 0x55f406c57140] Error writing trailer: Connection reset by peer
[out#0/rawvideo @ 0x55f406c57140] Error closing file: Connection reset by peer
[out#0/rawvideo @ 0x563d411bf140] Error writing trailer: Connection reset by peer
[out#0/rawvideo @ 0x563d411bf140] Error closing file: Connection reset by peer
[vost#0:0/rawvideo @ 0x5652e107b700] Error submitting a packet to the muxer: Connection reset by peer
[out#0/rawvideo @ 0x5652e1036140] Error muxing a packet
[vost#0:0/rawvideo @ 0x5589fc383700] Error submitting a packet to the muxer: Connection reset by peer
[out#0/rawvideo @ 0x5589fc33e140] Error muxing a packet
[vost#0:0/rawvideo @ 0x55e80c319700] Error submitting a packet to the muxer: Connection reset by peer
[out#0/rawvideo @ 0x55e80c2d4140] Error muxing a packet
[vost#0:0/rawvideo @ 0x55e337bf1700] Error submitting a packet to the muxer: Connection reset by peer
[out#0/rawvideo @ 0x55e337bac140] Error muxing a packet
[vost#0:0/rawvideo @ 0x560dff496700] Error submitting a packet to the muxer: Connection reset by peer
[out#0/rawvideo @ 0x560dff451140] Error muxing a packet
[out#0/rawvideo @ 0x55e80c2d4140] Error writing trailer: Connection reset by peer
[out#0/rawvideo @ 0x55e80c2d4140] Error closing file: Connection reset by peer
[vost#0:0/rawvideo @ 0x55cf5962f700] Error submitting a packet to the muxer: Connection reset by peer
[out#0/rawvideo @ 0x55cf595ea140] Error muxing a packet
[vost#0:0/rawvideo @ 0x55d1f93ff700] Error submitting a packet to the muxer: Connection reset by peer
[out#0/rawvideo @ 0x55d1f93ba140] Error muxing a packet
[out#0/rawvideo @ 0x56065d557140] Error writing trailer: Connection reset by peer
[out#0/rawvideo @ 0x56065d557140] Error closing file: Connection reset by peer
[vost#0:0/rawvideo @ 0x5617c2732700] Error submitting a packet to the muxer: Connection reset by peer
[out#0/rawvideo @ 0x5617c26ed140] Error muxing a packet
[out#0/rawvideo @ 0x5617c26ed140] Error writing trailer: Connection reset by peer
[out#0/rawvideo @ 0x5617c26ed140] Error closing file: Connection reset by peer
[vost#0:0/rawvideo @ 0x555c4be5f700] Error submitting a packet to the muxer: Connection reset by peer
[out#0/rawvideo @ 0x555c4be1a140] Error muxing a packet
[vost#0:0/rawvideo @ 0x565297203700] Error submitting a packet to the muxer: Connection reset by peer
[out#0/rawvideo @ 0x5652971be140] Error muxing a packet
[out#0/rawvideo @ 0x56380c93b140] Error writing trailer: Connection reset by peer
[out#0/rawvideo @ 0x56380c93b140] Error closing file: Connection reset by peer
[vost#0:0/rawvideo @ 0x560fe1179700] Error submitting a packet to the muxer: Connection reset by peer
[out#0/rawvideo @ 0x560fe1134140] Error muxing a packet
[vost#0:0/rawvideo @ 0x557563fa8700] Error submitting a packet to the muxer: Connection reset by peer
[out#0/rawvideo @ 0x557563f63140] Error muxing a packet
[vost#0:0/rawvideo @ 0x55d936244700] Error submitting a packet to the muxer: Connection reset by peer
[out#0/rawvideo @ 0x55d9361ff140] Error muxing a packet
[vost#0:0/rawvideo @ 0x55974b8bd700] Error submitting a packet to the muxer: Connection reset by peer
[out#0/rawvideo @ 0x55974b878140] Error muxing a packet
[vost#0:0/rawvideo @ 0x55683aa1b700] Error submitting a packet to the muxer: Connection reset by peer
[out#0/rawvideo @ 0x55683a9d6140] Error muxing a packet
[vost#0:0/rawvideo @ 0x55ccf4c18700] Error submitting a packet to the muxer: Connection reset by peer
[out#0/rawvideo @ 0x55ccf4bd3140] Error muxing a packet
[vost#0:0/rawvideo @ 0x55633a764700] Error submitting a packet to the muxer: Connection reset by peer
[out#0/rawvideo @ 0x55633a71f140] Error muxing a packet
[vost#0:0/rawvideo @ 0x55b07b55e700] Error submitting a packet to the muxer: Connection reset by peer
[out#0/rawvideo @ 0x55b07b519140] Error muxing a packet
[vost#0:0/rawvideo @ 0x55658ec28700] Error submitting a packet to the muxer: Connection reset by peer
[out#0/rawvideo @ 0x55658ebe3140] Error muxing a packet
[out#0/rawvideo @ 0x5652971be140] Error writing trailer: Connection reset by peer
[out#0/rawvideo @ 0x5652971be140] Error closing file: Connection reset by peer
[vost#0:0/rawvideo @ 0x556ba6f66700] Error submitting a packet to the muxer: Connection reset by peer
[out#0/rawvideo @ 0x556ba6f21140] Error muxing a packet
[vost#0:0/rawvideo @ 0x560dd4b67700] Error submitting a packet to the muxer: Connection reset by peer
[out#0/rawvideo @ 0x560dd4b22140] Error muxing a packet
[out#0/rawvideo @ 0x560fc4536140] Error writing trailer: Connection reset by peer
[out#0/rawvideo @ 0x560fc4536140] Error closing file: Connection reset by peer
[vost#0:0/rawvideo @ 0x55b011ae9700] Error submitting a packet to the muxer: Connection reset by peer
[out#0/rawvideo @ 0x55b011aa4140] Error muxing a packet
[out#0/rawvideo @ 0x5640bdfb1100] Error writing trailer: Connection reset by peer
[out#0/rawvideo @ 0x5640bdfb1100] Error closing file: Connection reset by peer
[vost#0:0/rawvideo @ 0x55c0566ac700] Error submitting a packet to the muxer: Connection reset by peer
[out#0/rawvideo @ 0x55c056667140] Error muxing a packet
[out#0/rawvideo @ 0x560dff451140] Error writing trailer: Connection reset by peer
[out#0/rawvideo @ 0x560dff451140] Error closing file: Connection reset by peer
[out#0/rawvideo @ 0x5652e1036140] Error writing trailer: Connection reset by peer
[out#0/rawvideo @ 0x5652e1036140] Error closing file: Connection reset by peer
[out#0/rawvideo @ 0x560fe1134140] Error writing trailer: Connection reset by peer
[out#0/rawvideo @ 0x560fe1134140] Error closing file: Connection reset by peer
[out#0/rawvideo @ 0x55e337bac140] Error writing trailer: Connection reset by peer
[out#0/rawvideo @ 0x55e337bac140] Error closing file: Connection reset by peer
[out#0/rawvideo @ 0x55b05a0f7140] Error writing trailer: Connection reset by peer
[out#0/rawvideo @ 0x55b05a0f7140] Error closing file: Connection reset by peer
[out#0/rawvideo @ 0x561347c97140] Error writing trailer: Connection reset by peer
[out#0/rawvideo @ 0x561347c97140] Error closing file: Connection reset by peer
[out#0/rawvideo @ 0x55633a71f140] Error writing trailer: Connection reset by peer
[out#0/rawvideo @ 0x55633a71f140] Error closing file: Connection reset by peer
[vost#0:0/rawvideo @ 0x556eb6434700] Error submitting a packet to the muxer: Connection reset by peer
[out#0/rawvideo @ 0x556eb63ef140] Error muxing a packet
[out#0/rawvideo @ 0x55f6daf53140] Error writing trailer: Connection reset by peer
[out#0/rawvideo @ 0x55f6daf53140] Error closing file: Connection reset by peer
[out#0/rawvideo @ 0x55b07b519140] Error writing trailer: Connection reset by peer
[out#0/rawvideo @ 0x55b07b519140] Error closing file: Connection reset by peer
[vost#0:0/rawvideo @ 0x55aaf9df5700] Error submitting a packet to the muxer: Connection reset by peer
[out#0/rawvideo @ 0x55aaf9db0140] Error muxing a packet
[out#0/rawvideo @ 0x563a56955140] Error writing trailer: Connection reset by peer
[out#0/rawvideo @ 0x563a56955140] Error closing file: Connection reset by peer
[out#0/rawvideo @ 0x5589fc33e140] Error writing trailer: Connection reset by peer
[out#0/rawvideo @ 0x5589fc33e140] Error closing file: Connection reset by peer
[out#0/rawvideo @ 0x563782993140] Error writing trailer: Connection reset by peer
[out#0/rawvideo @ 0x563782993140] Error closing file: Connection reset by peer
[vost#0:0/rawvideo @ 0x55b34d379700] Error submitting a packet to the muxer: Connection reset by peer
[out#0/rawvideo @ 0x55b34d334140] Error muxing a packet
[out#0/rawvideo @ 0x55b34d334140] Error writing trailer: Connection reset by peer
[out#0/rawvideo @ 0x55b34d334140] Error closing file: Connection reset by peer
[out#0/rawvideo @ 0x55974b878140] Error writing trailer: Connection reset by peer
[out#0/rawvideo @ 0x55974b878140] Error closing file: Connection reset by peer
[out#0/rawvideo @ 0x55d1f93ba140] Error writing trailer: Connection reset by peer
[out#0/rawvideo @ 0x55d1f93ba140] Error closing file: Connection reset by peer
[out#0/rawvideo @ 0x555c4be1a140] Error writing trailer: Connection reset by peer
[out#0/rawvideo @ 0x555c4be1a140] Error closing file: Connection reset by peer
[out#0/rawvideo @ 0x55d9361ff140] Error writing trailer: Connection reset by peer
[out#0/rawvideo @ 0x55d9361ff140] Error closing file: Connection reset by peer
[out#0/rawvideo @ 0x55cf595ea140] Error writing trailer: Connection reset by peer
[out#0/rawvideo @ 0x55cf595ea140] Error closing file: Connection reset by peer
[out#0/rawvideo @ 0x558db4ffe140] Error writing trailer: Connection reset by peer
[out#0/rawvideo @ 0x558db4ffe140] Error closing file: Connection reset by peer
[out#0/rawvideo @ 0x560dd4b22140] Error writing trailer: Connection reset by peer
[out#0/rawvideo @ 0x560dd4b22140] Error closing file: Connection reset by peer
[out#0/rawvideo @ 0x55aaf9db0140] Error writing trailer: Connection reset by peer
[out#0/rawvideo @ 0x55aaf9db0140] Error closing file: Connection reset by peer
[out#0/rawvideo @ 0x55c056667140] Error writing trailer: Connection reset by peer
[out#0/rawvideo @ 0x55c056667140] Error closing file: Connection reset by peer
[out#0/rawvideo @ 0x55b011aa4140] Error writing trailer: Connection reset by peer
[out#0/rawvideo @ 0x55b011aa4140] Error closing file: Connection reset by peer
[out#0/rawvideo @ 0x556eb63ef140] Error writing trailer: Connection reset by peer
[out#0/rawvideo @ 0x556eb63ef140] Error closing file: Connection reset by peer
[out#0/rawvideo @ 0x557563f63140] Error writing trailer: Connection reset by peer
[out#0/rawvideo @ 0x557563f63140] Error closing file: Connection reset by peer
[out#0/rawvideo @ 0x55ccf4bd3140] Error writing trailer: Connection reset by peer
[out#0/rawvideo @ 0x55ccf4bd3140] Error closing file: Connection reset by peer
[out#0/rawvideo @ 0x556ba6f21140] Error writing trailer: Connection reset by peer
[out#0/rawvideo @ 0x556ba6f21140] Error closing file: Connection reset by peer
[out#0/rawvideo @ 0x55683a9d6140] Error writing trailer: Connection reset by peer
[out#0/rawvideo @ 0x55683a9d6140] Error closing file: Connection reset by peer
[out#0/rawvideo @ 0x55658ebe3140] Error writing trailer: Connection reset by peer
[out#0/rawvideo @ 0x55658ebe3140] Error closing file: Connection reset by peer
F01  PASS       0.2s  
F02  PASS       0.7s  
F03  PASS       0.0s  
F04  PASS       0.0s  
F05  PASS      22.9s  
F06  PASS       0.4s  
F07  FAIL       0.0s  duration s=465.666667
F08  PASS      32.2s  
F09  PASS       0.0s  
F10  PASS       0.0s  
F11  PASS       0.0s  
F12  PASS      13.0s  
A01  PASS       4.7s  
A02  PASS       0.0s  
A03  FAIL       0.0s  LRA LU=3.6
A04  PASS       3.0s  
A05  PASS       0.4s  
A06  PASS       8.7s  
A07  PASS       0.9s  
A08  PASS       2.2s  
A09  FAIL       6.6s  silences 0.8-1.5 s=0
A10  FAIL       1.2s  Spearman speed~whoosh=0.021107; fast moves without whoosh=26
A11  FAIL       0.0s  Pearson pan~x=None
A12  FAIL       7.4s  accents=0; accents on a cut (%)=None; accents confirmed by onset (%)=None
A13  FAIL      26.7s  max |stretch-1|=80.485062
A14  PASS     181.2s  
A15  FAIL       0.0s  wpm act cold-open=167.782592; wpm act act1=179.758201; wpm act act2=166.731818; wpm act act3=176.162562; wpm act method=203.007519; wpm act outro=201.77665; sentences > 175 wpm=42
A16  FAIL       0.0s  fake break marks=8; sentences with a fake break=8
A17  FAIL       3.2s  abnormal sentences share=0.228571; abnormal gaps share=0.34
A18  PASS       0.0s  
S01  PASS       0.1s  
S02  PASS       0.0s  
S03  PASS       0.0s  
S04  PASS       0.0s  
S05  PASS       0.0s  
S06  PASS       0.0s  
S07  PASS       0.0s  
S08  PASS       0.0s  
S09  PASS       0.0s  
S10  PASS       0.0s  
S11  FAIL       0.0s  sched80_months_latest scenes=2; sched80_months_latest acts=1; sched80_months_latest callbacks w/ distinct meaning=0; shareA_ltv24_le75 scenes=1; shareA_ltv24_le75 acts=1; shareA_ltv24_le75 callbacks w
S12  FAIL       0.0s  new numbers=75; max new numbers in a scene=12
S13  PASS       0.0s  
S14  FAIL       5.7s  ad breaks=0
S15  FAIL       0.0s  outro s=19.9333
S16  FAIL       0.0s  share tied to a character or scenario=0.0
S17  PASS       0.0s  
S18  PASS       0.0s  
SH01 PASS       0.4s  
SH02 PASS       0.3s  
SH03 PASS       1.5s  
SH04 PASS       0.0s  
SH05 PASS      22.6s  
R01  FAIL       4.0s  r cut rate=0.01133; r audio density=0.224327; acts with climax peak=0; peaks without valley=2
R02  PASS       0.0s  
R03  FAIL       2.1s  shortest pause s=0.0; pauses < 1.0 s=2
R04  FAIL       0.0s  cuts on beat/action (%)=0.0
R05  FAIL       0.0s  shots > 12 s=17; act-2 scenes before climax=0
R06  FAIL      15.9s  cuts visible in picture (%)=0.0
V01  FAIL       0.0s  scenes without a shot=1; storyboard present=False; colour script present=False
V02  FAIL       0.0s  level-1 samples=0; level-1 placed (%)=None
V03  PASS       0.0s  
V04  PASS       0.0s  
V05  FAIL      22.6s  worst ease ratio=0.46; anticipation in moves ≥1 s (%)=7.142857; overshoot in moves ≥1 s (%)=28.571429; overshoot > 8%=2; peak |a| fw/s²=59.65
V08  PASS       0.0s  
V09  PASS       0.0s  
V10  FAIL      16.3s  verified match cuts=2; verified J/L cuts=0
V11  FAIL       0.0s  text collisions=2612
V12  PASS       0.0s  
V13  PASS       0.0s  
C01  PASS       0.0s  
C02  PASS       0.0s  
C03  PASS       0.0s  
C04  PASS       0.0s  
C05  PASS       0.0s  
C06  FAIL       0.0s  frames flagged=1157
C07  PASS       0.0s  
C10  PASS       0.0s  
C11  FAIL       0.0s  layout repeats >2 in 90 s=19
C12  FAIL       0.0s  split-view runs=1
C13  FAIL       0.0s  worst |offset| ms=27913; pairs > 250 ms=29
C14  PASS       0.0s  
C15  FAIL       0.0s  frames flagged=25028
P01  FAIL       2.9s  thumb texts below 90 px=4
T1   PASS      37.5s  
T2   FAIL       1.4s  repeated phrases (%)=9.259259; longest run of repeated phrases=2
T3   FAIL      11.8s  silences measured=0
L1   PASS     382.0s  
REG  PASS     
near F07 (CHÍNH) duration s = 465.666667 (threshold in [480.0, 900.0])
near A15 (THAM KHẢO) wpm act cold-open = 167.782592 (threshold in [150.0, 160.0])
near A15 (THAM KHẢO) wpm act act2 = 166.731818 (threshold in [150.0, 160.0])
near A18 (CHÍNH) distinct voices (provider, voiceId, model) = 1 (threshold <= 1)
near S04 (CHẶN) mortgage30 tolerance = 0.5 (threshold <= 0.5)
near S04 (CHẶN) hpi_mom tolerance = 0.5 (threshold <= 0.5)
near S06 (CHẶN) case values shown in act2 = 307 (threshold >= 307)
near S06 (CHẶN) case values shown in act3 = 3 (threshold >= 3)
near S11 (THAM KHẢO) medianB_months_to80 acts = 2 (threshold >= 2)
near S15 (THAM KHẢO) ident s = 3.0 (threshold <= 3.0)
near S15 (THAM KHẢO) outro s = 19.9333 (threshold >= 20.0)
near V05 (THAM KHẢO) overshoot in moves ≥1 s (%) = 28.571429 (threshold >= 30.0)
near V09 (CHÍNH) declared characters seen on screen = 3 (threshold >= 3)
near P01 (THAM KHẢO) thumb 1 token share (%) = 100.0 (threshold >= 97.0)
near P01 (THAM KHẢO) thumb 2 token share (%) = 100.0 (threshold >= 97.0)
near P01 (THAM KHẢO) thumb 3 token share (%) = 100.0 (threshold >= 97.0)
near L1 (CHÍNH) voice/data 1–4 kHz ratio, 10th percentile (dB) = 20.348241 (threshold >= 20.0)
{"PASS": 56, "FAIL": 33, "MISSING": 0, "ERROR": 0} episode: ĐẠT
